# serializer version: 1
# name: test_diagnostics_snapshot
  dict({
    'connection': dict({
      'address': 'AA:BB:CC:DD:EE:01',
      'firmware_version': '1.0',
      'gateway_advert': dict({
        'device_class_name': 'SWITCH_G2',
        'mac': '0000aabbcc01',
        'mesh_address': 1,
        'network_id': '1ae71d19',
        'raw_manufacturer_data': '110201ccbbaa160c4501001ae71d190000',
        'rssi': -50,
        'status_byte': 69,
        'status_flags': dict({
          'alarm_dev': False,
          'online': True,
          'version': 17,
        }),
        'stype': 12,
        'type': 22,
      }),
      'hardware_version': '1.0',
      'is_connected': True,
      'mac': 'AA:BB:CC:DD:EE:01',
    }),
    'coordinator': dict({
      'device_count': 2,
      'known_addresses': list([
        1,
        2,
      ]),
      'last_seen_count': 2,
      'update_interval_s': 300.0,
    }),
    'devices': dict({
      '1': dict({
        'address': 1,
        'device_class_name': None,
        'hops': None,
        'is_on': True,
        'mac': '0000aabbcc01',
        'sno': 0,
        'status_byte': None,
        'status_flags': None,
        'stype': None,
        'ttc': 0,
        'type': None,
      }),
      '2': dict({
        'address': 2,
        'device_class_name': None,
        'hops': None,
        'is_on': False,
        'mac': '0000aabbcc02',
        'sno': 0,
        'status_byte': None,
        'status_flags': None,
        'stype': None,
        'ttc': 0,
        'type': None,
      }),
    }),
    'entry': dict({
      'data': dict({
        'home_key': '**REDACTED**',
      }),
      'disabled_by': None,
      'domain': 'sal_pixie',
      'minor_version': 1,
      'options': dict({
      }),
      'pref_disable_new_entities': False,
      'pref_disable_polling': False,
      'source': 'user',
      'title': 'SAL Pixie',
      'unique_id': 'sal_pixie',
      'version': 1,
    }),
  })
# ---
